{"items":[{"journalId":9,"event":1,"registrationContract":"claude-code/2.1.261","capture":1,"payloadDigest":"sha256:36a997c6ca7aa99a6afcea563b1f9bde361410ce2181f8e29b03b53ec245b79d","interpreted":[{"journalId":10,"semantic":1,"identities":[{"Kind":1,"Value":"c02859c0-10ab-49c3-9b93-29280bd45fbb"}],"unresolved":null,"contract":"claude-code/claude-code@2.1.261","manifest":{"id":"pasture.lifecycle.metamodel","version":1,"content":"bf421add57a18f5cb9521e329cddf17b31584d748afcf74e476e9df36890dd9d"}}]}]}
