{"items":[{"journalId":9,"event":1,"registrationContract":"claude-code/2.1.210","capture":1,"payloadDigest":"sha256:7b3b956017b2c9cf5e430878fb24d8cce77ce93eb6c4fed8a9ea3826124721d7","interpreted":[{"journalId":10,"semantic":1,"identities":[{"Kind":1,"Value":"3696b790-3973-49f2-b156-9d82146bf7ec"}],"unresolved":null,"contract":"claude-code/claude-code@2.1.210","manifest":{"id":"pasture.lifecycle.metamodel","version":1,"content":"1c5b221f382377de5fdea060058d058e89dcd0ea39a5b4a4d5f6d7d6c9cd8345"}}]}]}
